id,title,budget,release_date,revenue,production_companies,ratio
862,Toy Story,30000000,1995-10-30,373554033,"[{'name': 'Pixar Animation Studios', 'id': 3}]",0.08030966700873499
